# /usr/cbs/packages/netMHCstabpan/1.0//Linux_x86_64/bin/netMHCstabpan -hlaseq B0702.fsa -p test.pep -affpred /usr/cbs/bio/src/netMHCpan-2.8/netMHCpan
# Wed Jun 22 20:55:38 2016
# User: fenoy
# PWD : /usr/cbs/packages/netMHCstabpan/1.0/test
# Host: Linux padawan 2.6.37.6-0.11-desktop x86_64
# -hlaseq  B0702.fsa            File with full length HLA sequences
# -p       1                    Use peptide input
# -affpred /usr/cbs/bio/src/netMHCpan-2.8/netMHCpan MHC affinity predictor
# Command line parameters set to:
#	[-rdir filename]     /usr/cbs/packages/netMHCstabpan/1.0//Linux_x86_64 Home directory for NetMHpan
#	[-syn filename]      /usr/cbs/packages/netMHCstabpan/1.0//Linux_x86_64/data/syn/synaps Synaps file
#	[-v]                 0                    Verbose mode
#	[-dirty]             0                    Dirty mode, leave tmp dir+files
#	[-tdir filename]     /scratch             Temporary directory (Default $$)
#	[-hlapseudo filename] /usr/cbs/packages/netMHCstabpan/1.0//Linux_x86_64/data/MHC_pseudo.dat File with HLA pseudo sequences
#	[-hlaseq filename]   B0702.fsa            File with full length HLA sequences
#	[-a line]            HLA-A02:01           HLA allele
#	[-f filename]                             File name with input
#	[-w]                 0                    w option for webface
#	[-s int]             -1                   Sort output on descending [0] stability, [1] affinity, [2] combined, [-1] no sorting
#	[-p]                 1                    Use peptide input
#	[-rht float]         0.500000             Rank Threshold for high binding peptides
#	[-rlt float]         2.000000             Rank Threshold for low binding peptides
#	[-l string]          9                    Peptide length [8-11] (multiple length with ,)
#	[-xls]               0                    Save output to xls file
#	[-xlsfile filename]  NetMHCstabpan.xls    Filename for xls dump
#	[-t float]           -99.900002           Threshold for output
#	[-thrfmt filename]   /usr/cbs/packages/netMHCstabpan/1.0//Linux_x86_64/data/threshold/%s.thr Format for threshold filenames
#	[-expfix]            0                    Exclude prefix from synlist
#	[-version filename]  /usr/cbs/packages/netMHCstabpan/1.0//Linux_x86_64/data/version File with version information
#	[-inptype int]       0                    Input type [0] FASTA [1] Peptide
#	[-listMHC]           0                    Print list of alleles included in netMHCpan
#	[-affpred filename]  /usr/cbs/bio/src/netMHCpan-2.8/netMHCpan MHC affinity predictor
#	[-waff float]        0.800000             Relative Weight on affinity
#	[-ia]                0                    Include affinity predictions
#	[-s1 int]            -1                   Sort option only used by www
#	[-s2 int]            -1                   Sort option only used by www

# NetMHCstabpan version 1.0

# Use user MHC pseudo sequence YYSEYRNIYAQTDESNLYLSYDYYTWAERAYEWY USER_DEF
# Input is in PEPTIDE format

USER_DEF : Distance to traning data  0.000 (using nearest neighbor HLA-B07:02)

-----------------------------------------------------------------------------------------------------
 pos      HLA         peptide         Identity       Pred     Thalf(h)   Exp_stab BindLevel
-----------------------------------------------------------------------------------------------------
    0     USER_DEF    AAAWYLWEV         PEPLIST      0.089       0.29      0.743
    0     USER_DEF    AAGLQDCTM         PEPLIST      0.139       0.35      0.000
    0     USER_DEF    AARNIVRRA         PEPLIST      0.168       0.39      0.000
    0     USER_DEF    AARPDDPTL         PEPLIST      0.675       1.77      0.149
    0     USER_DEF    AASCGGAVF         PEPLIST      0.424       0.81      0.149
    0     USER_DEF    AASKQQMLM         PEPLIST      0.136       0.35      0.000
    0     USER_DEF    AASSTHRKV         PEPLIST      0.124       0.33      0.272
    0     USER_DEF    AEALLADGL         PEPLIST      0.022       0.18      0.085
    0     USER_DEF    AEESLSLEA         PEPLIST      0.003       0.12      0.000
    0     USER_DEF    AEFGPWQTV         PEPLIST      0.063       0.25      0.316
-----------------------------------------------------------------------------------------------------

Protein PEPLIST. Allele USER_DEF. Number of high binders 0. Number of weak binders 0. Number of peptides 10

-----------------------------------------------------------------------------------------------------
