# /usr/cbs/packages/netMHCstabpan/1.0//Linux_x86_64/bin/netMHCstabpan -ia test.fsa -affpred /usr/cbs/bio/src/netMHCpan-2.8/netMHCpan
# Wed Jun 22 20:54:35 2016
# User: fenoy
# PWD : /usr/cbs/packages/netMHCstabpan/1.0/test
# Host: Linux padawan 2.6.37.6-0.11-desktop x86_64
# -ia      1                    Include affinity predictions
# -affpred /usr/cbs/bio/src/netMHCpan-2.8/netMHCpan MHC affinity predictor
# Command line parameters set to:
#	[-rdir filename]     /usr/cbs/packages/netMHCstabpan/1.0//Linux_x86_64 Home directory for NetMHpan
#	[-syn filename]      /usr/cbs/packages/netMHCstabpan/1.0//Linux_x86_64/data/syn/synaps Synaps file
#	[-v]                 0                    Verbose mode
#	[-dirty]             0                    Dirty mode, leave tmp dir+files
#	[-tdir filename]     /scratch             Temporary directory (Default $$)
#	[-hlapseudo filename] /usr/cbs/packages/netMHCstabpan/1.0//Linux_x86_64/data/MHC_pseudo.dat File with HLA pseudo sequences
#	[-hlaseq filename]                        File with full length HLA sequences
#	[-a line]            HLA-A02:01           HLA allele
#	[-f filename]                             File name with input
#	[-w]                 0                    w option for webface
#	[-s int]             -1                   Sort output on descending [0] stability, [1] affinity, [2] combined, [-1] no sorting
#	[-p]                 0                    Use peptide input
#	[-rht float]         0.500000             Rank Threshold for high binding peptides
#	[-rlt float]         2.000000             Rank Threshold for low binding peptides
#	[-l string]          9                    Peptide length [8-11] (multiple length with ,)
#	[-xls]               0                    Save output to xls file
#	[-xlsfile filename]  NetMHCstabpan.xls    Filename for xls dump
#	[-t float]           -99.900002           Threshold for output
#	[-thrfmt filename]   /usr/cbs/packages/netMHCstabpan/1.0//Linux_x86_64/data/threshold/%s.thr Format for threshold filenames
#	[-expfix]            0                    Exclude prefix from synlist
#	[-version filename]  /usr/cbs/packages/netMHCstabpan/1.0//Linux_x86_64/data/version File with version information
#	[-inptype int]       0                    Input type [0] FASTA [1] Peptide
#	[-listMHC]           0                    Print list of alleles included in netMHCpan
#	[-affpred filename]  /usr/cbs/bio/src/netMHCpan-2.8/netMHCpan MHC affinity predictor
#	[-waff float]        0.800000             Relative Weight on affinity
#	[-ia]                1                    Include affinity predictions
#	[-s1 int]            -1                   Sort option only used by www
#	[-s2 int]            -1                   Sort option only used by www

# NetMHCstabpan version 1.0

# Binding affinity prediction included ( using /usr/cbs/bio/src/netMHCpan-2.8/netMHCpan ) with relative weight 0.800000
# Input is in FSA format

# Peptide length 9

HLA-A02:01 : Distance to traning data  0.000 (using nearest neighbor HLA-A02:01)

# Rank Threshold for Strong binding peptides   0.500
# Rank Threshold for Weak binding peptides   2.000
-----------------------------------------------------------------------------------------------------
 pos      HLA         peptide         Identity       Pred     Thalf(h) %Rank_Stab   1-log50k    Aff(nM)  %Rank_aff   Combined  Combined_%rank BindLevel
-----------------------------------------------------------------------------------------------------
    0  HLA-A*02:01    TMDKSELVQ 143B_BOVIN_P293      0.001       0.09      75.00      0.064   24996.75      32.00      0.051        36.14
    1  HLA-A*02:01    MDKSELVQK 143B_BOVIN_P293      0.000       0.08      75.00      0.018   41265.46      50.00      0.014        53.57
    2  HLA-A*02:01    DKSELVQKA 143B_BOVIN_P293      0.002       0.11      60.00      0.010   44971.18      50.00      0.008        51.72
    3  HLA-A*02:01    KSELVQKAK 143B_BOVIN_P293      0.000       0.08      75.00      0.012   43808.94      50.00      0.010        53.57
    4  HLA-A*02:01    SELVQKAKL 143B_BOVIN_P293      0.025       0.19      31.00      0.022   39488.98      50.00      0.023        44.54
    5  HLA-A*02:01    ELVQKAKLA 143B_BOVIN_P293      0.049       0.23      23.00      0.055   27696.81      50.00      0.054        40.49
    6  HLA-A*02:01    LVQKAKLAE 143B_BOVIN_P293      0.001       0.10      65.00      0.022   39218.62      50.00      0.018        52.42
    7  HLA-A*02:01    VQKAKLAEQ 143B_BOVIN_P293      0.001       0.11      65.00      0.034   34779.95      50.00      0.027        52.42
    8  HLA-A*02:01    QKAKLAEQA 143B_BOVIN_P293      0.004       0.13      55.00      0.016   42113.44      50.00      0.014        50.93
    9  HLA-A*02:01    KAKLAEQAE 143B_BOVIN_P293      0.000       0.07      75.00      0.011   44568.16      50.00      0.009        53.57
   10  HLA-A*02:01    AKLAEQAER 143B_BOVIN_P293      0.002       0.11      65.00      0.009   45117.39      50.00      0.008        52.42
   11  HLA-A*02:01    KLAEQAERY 143B_BOVIN_P293      0.172       0.39      12.00      0.092   18482.42      32.00      0.108        24.00
   12  HLA-A*02:01    LAEQAERYD 143B_BOVIN_P293      0.000       0.06      75.00      0.007   46245.22      50.00      0.006        53.57
   13  HLA-A*02:01    AEQAERYDD 143B_BOVIN_P293      0.000       0.07      75.00      0.004   48055.56      50.00      0.003        53.57
   14  HLA-A*02:01    EQAERYDDM 143B_BOVIN_P293      0.006       0.14      45.00      0.034   34538.82      50.00      0.028        48.91
   15  HLA-A*02:01    QAERYDDMA 143B_BOVIN_P293      0.003       0.12      55.00      0.018   41004.21      50.00      0.015        50.93
   16  HLA-A*02:01    AERYDDMAA 143B_BOVIN_P293      0.007       0.14      44.00      0.016   42174.57      50.00      0.014        48.67
   17  HLA-A*02:01    ERYDDMAAA 143B_BOVIN_P293      0.015       0.17      36.00      0.036   33870.82      50.00      0.032        46.39
   18  HLA-A*02:01    RYDDMAAAM 143B_BOVIN_P293      0.065       0.25      21.00      0.098   17243.83      32.00      0.091        28.97
   19  HLA-A*02:01    YDDMAAAMK 143B_BOVIN_P293      0.000       0.08      75.00      0.017   41548.62      50.00      0.014        53.57
   20  HLA-A*02:01    DDMAAAMKA 143B_BOVIN_P293      0.001       0.10      75.00      0.018   41049.93      50.00      0.015        53.57
   21  HLA-A*02:01    DMAAAMKAV 143B_BOVIN_P293      0.186       0.41      12.00      0.211    5081.51      15.00      0.206        14.29
   22  HLA-A*02:01    MAAAMKAVT 143B_BOVIN_P293      0.019       0.18      33.00      0.058   26594.08      50.00      0.050        45.33
   23  HLA-A*02:01    AAAMKAVTE 143B_BOVIN_P293      0.000       0.08      75.00      0.020   40205.96      50.00      0.016        53.57
   24  HLA-A*02:01    AAMKAVTEQ 143B_BOVIN_P293      0.005       0.13      50.00      0.038   33145.03      50.00      0.031        50.00
   25  HLA-A*02:01    AMKAVTEQG 143B_BOVIN_P293      0.014       0.16      37.00      0.062   25468.78      32.00      0.052        32.89
   26  HLA-A*02:01    MKAVTEQGH 143B_BOVIN_P293      0.001       0.10      75.00      0.012   44082.34      50.00      0.010        53.57
   27  HLA-A*02:01    KAVTEQGHE 143B_BOVIN_P293      0.000       0.08      75.00      0.009   45419.11      50.00      0.007        53.57
   28  HLA-A*02:01    AVTEQGHEL 143B_BOVIN_P293      0.337       0.64       7.00      0.204    5521.45      15.00      0.231        12.21
   29  HLA-A*02:01    VTEQGHELS 143B_BOVIN_P293      0.001       0.10      75.00      0.023   39013.78      50.00      0.019        53.57
   30  HLA-A*02:01    TEQGHELSN 143B_BOVIN_P293      0.000       0.08      75.00      0.007   46507.16      50.00      0.006        53.57
   31  HLA-A*02:01    EQGHELSNE 143B_BOVIN_P293      0.000       0.07      75.00      0.009   45531.78      50.00      0.007        53.57
   32  HLA-A*02:01    QGHELSNEE 143B_BOVIN_P293      0.000       0.07      75.00      0.007   46289.29      50.00      0.006        53.57
   33  HLA-A*02:01    GHELSNEER 143B_BOVIN_P293      0.000       0.08      75.00      0.007   46576.16      50.00      0.006        53.57
   34  HLA-A*02:01    HELSNEERN 143B_BOVIN_P293      0.000       0.08      75.00      0.006   46905.39      50.00      0.005        53.57
   35  HLA-A*02:01    ELSNEERNL 143B_BOVIN_P293      0.020       0.18      33.00      0.063   25376.34      32.00      0.054        32.20
   36  HLA-A*02:01    LSNEERNLL 143B_BOVIN_P293      0.022       0.18      31.00      0.076   22016.37      32.00      0.065        31.79
   37  HLA-A*02:01    SNEERNLLS 143B_BOVIN_P293      0.000       0.08      75.00      0.012   44110.50      50.00      0.010        53.57
   38  HLA-A*02:01    NEERNLLSV 143B_BOVIN_P293      0.025       0.19      31.00      0.047   30070.92      50.00      0.043        44.54
   39  HLA-A*02:01    EERNLLSVA 143B_BOVIN_P293      0.006       0.13      47.00      0.015   42710.91      50.00      0.013        49.37
   40  HLA-A*02:01    ERNLLSVAY 143B_BOVIN_P293      0.001       0.09      75.00      0.017   41515.36      50.00      0.014        53.57
   41  HLA-A*02:01    RNLLSVAYK 143B_BOVIN_P293      0.005       0.13      50.00      0.033   34992.83      50.00      0.027        50.00
   42  HLA-A*02:01    NLLSVAYKN 143B_BOVIN_P293      0.007       0.14      44.00      0.112   14835.55      32.00      0.091        33.85
   43  HLA-A*02:01    LLSVAYKNV 143B_BOVIN_P293      0.483       0.95       4.50      0.445     407.04       4.00      0.453         4.09
   44  HLA-A*02:01    LSVAYKNVV 143B_BOVIN_P293      0.111       0.31      16.00      0.108   15590.94      32.00      0.109        26.67
   45  HLA-A*02:01    SVAYKNVVG 143B_BOVIN_P293      0.006       0.14      45.00      0.031   35696.09      50.00      0.026        48.91
   46  HLA-A*02:01    VAYKNVVGA 143B_BOVIN_P293      0.378       0.71       6.50      0.254    3216.63       9.00      0.279         8.36
   47  HLA-A*02:01    AYKNVVGAR 143B_BOVIN_P293      0.004       0.13      50.00      0.014   42907.31      50.00      0.012        50.00
   48  HLA-A*02:01    YKNVVGARR 143B_BOVIN_P293      0.002       0.11      60.00      0.011   44558.50      50.00      0.009        51.72
   49  HLA-A*02:01    KNVVGARRS 143B_BOVIN_P293      0.000       0.08      75.00      0.010   44731.45      50.00      0.008        53.57
   50  HLA-A*02:01    NVVGARRSS 143B_BOVIN_P293      0.001       0.10      65.00      0.019   40630.61      50.00      0.015        52.42
   51  HLA-A*02:01    VVGARRSSW 143B_BOVIN_P293      0.010       0.15      41.00      0.033   35028.44      50.00      0.028        47.90
   52  HLA-A*02:01    VGARRSSWR 143B_BOVIN_P293      0.000       0.09      75.00      0.015   42676.74      50.00      0.012        53.57
   53  HLA-A*02:01    GARRSSWRV 143B_BOVIN_P293      0.055       0.24      22.00      0.084   20131.27      32.00      0.078        29.33
   54  HLA-A*02:01    ARRSSWRVI 143B_BOVIN_P293      0.001       0.09      75.00      0.023   38822.60      50.00      0.019        53.57
   55  HLA-A*02:01    RRSSWRVIS 143B_BOVIN_P293      0.003       0.12      60.00      0.025   38312.67      50.00      0.021        51.72
   56  HLA-A*02:01    RSSWRVISS 143B_BOVIN_P293      0.015       0.16      36.00      0.067   24283.64      32.00      0.057        32.73
   57  HLA-A*02:01    SSWRVISSI 143B_BOVIN_P293      0.222       0.46      10.00      0.238    3797.49      10.00      0.235        10.00
   58  HLA-A*02:01    SWRVISSIE 143B_BOVIN_P293      0.000       0.06      75.00      0.015   42515.89      50.00      0.012        53.57
   59  HLA-A*02:01    WRVISSIEQ 143B_BOVIN_P293      0.000       0.07      75.00      0.016   42208.33      50.00      0.013        53.57
   60  HLA-A*02:01    RVISSIEQK 143B_BOVIN_P293      0.037       0.21      26.00      0.048   29771.46      50.00      0.046        42.21
   61  HLA-A*02:01    VISSIEQKT 143B_BOVIN_P293      0.051       0.23      23.00      0.079   21381.81      32.00      0.073        29.68
   62  HLA-A*02:01    ISSIEQKTE 143B_BOVIN_P293      0.000       0.06      75.00      0.010   44923.04      50.00      0.008        53.57
   63  HLA-A*02:01    SSIEQKTER 143B_BOVIN_P293      0.005       0.13      50.00      0.015   42340.53      50.00      0.013        50.00
   64  HLA-A*02:01    SIEQKTERN 143B_BOVIN_P293      0.000       0.08      75.00      0.010   44952.19      50.00      0.008        53.57
   65  HLA-A*02:01    IEQKTERNE 143B_BOVIN_P293      0.000       0.06      75.00      0.005   47477.76      50.00      0.004        53.57
   66  HLA-A*02:01    EQKTERNEK 143B_BOVIN_P293      0.000       0.09      75.00      0.006   46652.82      50.00      0.005        53.57
   67  HLA-A*02:01    QKTERNEKK 143B_BOVIN_P293      0.000       0.09      75.00      0.005   47469.03      50.00      0.004        53.57
   68  HLA-A*02:01    KTERNEKKQ 143B_BOVIN_P293      0.000       0.07      75.00      0.005   47582.65      50.00      0.004        53.57
   69  HLA-A*02:01    TERNEKKQQ 143B_BOVIN_P293      0.000       0.05      75.00      0.002   48692.00      50.00      0.002        53.57
   70  HLA-A*02:01    ERNEKKQQM 143B_BOVIN_P293      0.001       0.10      75.00      0.011   44513.69      50.00      0.009        53.57
   71  HLA-A*02:01    RNEKKQQMG 143B_BOVIN_P293      0.000       0.07      75.00      0.005   47210.87      50.00      0.004        53.57
   72  HLA-A*02:01    NEKKQQMGK 143B_BOVIN_P293      0.000       0.09      75.00      0.007   46505.66      50.00      0.006        53.57
   73  HLA-A*02:01    EKKQQMGKE 143B_BOVIN_P293      0.000       0.06      75.00      0.003   48221.71      50.00      0.002        53.57
   74  HLA-A*02:01    KKQQMGKEY 143B_BOVIN_P293      0.001       0.10      75.00      0.010   44886.11      50.00      0.008        53.57
   75  HLA-A*02:01    KQQMGKEYR 143B_BOVIN_P293      0.018       0.17      34.00      0.031   35748.27      50.00      0.028        45.70
   76  HLA-A*02:01    QQMGKEYRE 143B_BOVIN_P293      0.001       0.10      65.00      0.038   33309.34      50.00      0.031        52.42
   77  HLA-A*02:01    QMGKEYREK 143B_BOVIN_P293      0.001       0.11      65.00      0.019   40832.45      50.00      0.015        52.42
   78  HLA-A*02:01    MGKEYREKI 143B_BOVIN_P293      0.003       0.12      60.00      0.027   37464.53      50.00      0.022        51.72
   79  HLA-A*02:01    GKEYREKIE 143B_BOVIN_P293      0.000       0.05      75.00      0.003   48520.53      50.00      0.002        53.57
   80  HLA-A*02:01    KEYREKIEA 143B_BOVIN_P293      0.059       0.24      22.00      0.031   35833.47      50.00      0.037        39.86
   81  HLA-A*02:01    EYREKIEAE 143B_BOVIN_P293      0.000       0.07      75.00      0.007   46193.23      50.00      0.006        53.57
   82  HLA-A*02:01    YREKIEAEL 143B_BOVIN_P293      0.012       0.16      38.00      0.063   25156.29      32.00      0.053        33.04
   83  HLA-A*02:01    REKIEAELQ 143B_BOVIN_P293      0.000       0.07      75.00      0.007   46220.71      50.00      0.006        53.57
   84  HLA-A*02:01    EKIEAELQD 143B_BOVIN_P293      0.000       0.07      75.00      0.006   46995.29      50.00      0.005        53.57
   85  HLA-A*02:01    KIEAELQDI 143B_BOVIN_P293      0.124       0.33      15.00      0.161    8740.92      15.00      0.154        15.00
   86  HLA-A*02:01    IEAELQDIC 143B_BOVIN_P293      0.013       0.16      38.00      0.016   42036.05      50.00      0.015        47.03
   87  HLA-A*02:01    EAELQDICN 143B_BOVIN_P293      0.000       0.06      75.00      0.006   47071.11      50.00      0.005        53.57
   88  HLA-A*02:01    AELQDICND 143B_BOVIN_P293      0.001       0.10      75.00      0.007   46386.56      50.00      0.006        53.57
   89  HLA-A*02:01    ELQDICNDV 143B_BOVIN_P293      0.387       0.73       6.00      0.213    4973.22      15.00      0.248        11.54
   90  HLA-A*02:01    LQDICNDVL 143B_BOVIN_P293      0.062       0.25      21.00      0.181    7070.77      15.00      0.157        15.91
   91  HLA-A*02:01    QDICNDVLQ 143B_BOVIN_P293      0.000       0.07      75.00      0.010   45010.61      50.00      0.008        53.57
   92  HLA-A*02:01    DICNDVLQL 143B_BOVIN_P293      0.038       0.21      26.00      0.063   25217.33      32.00      0.058        30.59
   93  HLA-A*02:01    ICNDVLQLL 143B_BOVIN_P293      0.387       0.73       6.00      0.147   10237.30      16.00      0.195        12.00
   94  HLA-A*02:01    CNDVLQLLD 143B_BOVIN_P293      0.000       0.07      75.00      0.013   43229.78      50.00      0.010        53.57
   95  HLA-A*02:01    NDVLQLLDK 143B_BOVIN_P293      0.000       0.07      75.00      0.010   44645.86      50.00      0.008        53.57
   96  HLA-A*02:01    DVLQLLDKY 143B_BOVIN_P293      0.005       0.13      50.00      0.024   38472.59      50.00      0.020        50.00
   97  HLA-A*02:01    VLQLLDKYL 143B_BOVIN_P293      0.334       0.63       7.00      0.361    1010.63       6.00      0.356         6.18
   98  HLA-A*02:01    LQLLDKYLI 143B_BOVIN_P293      0.401       0.76       6.00      0.345    1198.33       6.00      0.356         6.00
   99  HLA-A*02:01    QLLDKYLIP 143B_BOVIN_P293      0.038       0.21      26.00      0.112   14823.52      32.00      0.097        30.59
  100  HLA-A*02:01    LLDKYLIPN 143B_BOVIN_P293      0.065       0.25      21.00      0.289    2200.94       8.00      0.244         9.13
  101  HLA-A*02:01    LDKYLIPNA 143B_BOVIN_P293      0.002       0.12      60.00      0.037   33624.00      50.00      0.030        51.72
  102  HLA-A*02:01    DKYLIPNAT 143B_BOVIN_P293      0.001       0.09      75.00      0.013   43401.30      50.00      0.011        53.57
  103  HLA-A*02:01    KYLIPNATQ 143B_BOVIN_P293      0.001       0.10      75.00      0.020   40345.42      50.00      0.016        53.57
  104  HLA-A*02:01    YLIPNATQP 143B_BOVIN_P293      0.198       0.43      11.00      0.253    3250.63       9.00      0.242         9.34
  105  HLA-A*02:01    LIPNATQPE 143B_BOVIN_P293      0.004       0.13      50.00      0.024   38407.30      50.00      0.020        50.00
  106  HLA-A*02:01    IPNATQPES 143B_BOVIN_P293      0.001       0.10      75.00      0.019   40561.64      50.00      0.015        53.57
  107  HLA-A*02:01    PNATQPESK 143B_BOVIN_P293      0.000       0.07      75.00      0.004   47940.78      50.00      0.003        53.57
  108  HLA-A*02:01    NATQPESKV 143B_BOVIN_P293      0.026       0.19      30.00      0.040   32360.83      50.00      0.037        44.12
  109  HLA-A*02:01    ATQPESKVF 143B_BOVIN_P293      0.010       0.15      41.00      0.028   36972.84      50.00      0.024        47.90
  110  HLA-A*02:01    TQPESKVFY 143B_BOVIN_P293      0.029       0.20      29.00      0.034   34624.88      50.00      0.033        43.67
  111  HLA-A*02:01    QPESKVFYL 143B_BOVIN_P293      0.010       0.15      41.00      0.045   30720.74      50.00      0.038        47.90
  112  HLA-A*02:01    PESKVFYLK 143B_BOVIN_P293      0.002       0.11      65.00      0.017   41789.81      50.00      0.014        52.42
  113  HLA-A*02:01    ESKVFYLKM 143B_BOVIN_P293      0.002       0.11      65.00      0.020   40122.95      50.00      0.016        52.42
  114  HLA-A*02:01    SKVFYLKMK 143B_BOVIN_P293      0.001       0.10      75.00      0.016   41857.70      50.00      0.013        53.57
  115  HLA-A*02:01    KVFYLKMKG 143B_BOVIN_P293      0.040       0.21      26.00      0.055   27663.27      50.00      0.052        42.21
  116  HLA-A*02:01    VFYLKMKGD 143B_BOVIN_P293      0.000       0.07      75.00      0.019   40598.96      50.00      0.015        53.57
  117  HLA-A*02:01    FYLKMKGDY 143B_BOVIN_P293      0.003       0.12      55.00      0.030   36280.93      50.00      0.025        50.93
  118  HLA-A*02:01    YLKMKGDYF 143B_BOVIN_P293      0.103       0.31      17.00      0.130   12210.32      32.00      0.125        27.20
  119  HLA-A*02:01    LKMKGDYFR 143B_BOVIN_P293      0.015       0.17      36.00      0.032   35414.49      50.00      0.029        46.39
  120  HLA-A*02:01    KMKGDYFRY 143B_BOVIN_P293      0.069       0.26      20.00      0.092   18470.83      32.00      0.087        28.57
  121  HLA-A*02:01    MKGDYFRYL 143B_BOVIN_P293      0.059       0.24      22.00      0.084   20225.59      32.00      0.079        29.33
  122  HLA-A*02:01    KGDYFRYLS 143B_BOVIN_P293      0.001       0.10      75.00      0.033   34882.45      50.00      0.027        53.57
  123  HLA-A*02:01    GDYFRYLSE 143B_BOVIN_P293      0.000       0.07      75.00      0.022   39468.05      50.00      0.018        53.57
  124  HLA-A*02:01    DYFRYLSEV 143B_BOVIN_P293      0.127       0.34      15.00      0.077   21624.93      32.00      0.087        26.09
  125  HLA-A*02:01    YFRYLSEVA 143B_BOVIN_P293      0.027       0.19      29.00      0.079   21220.71      32.00      0.069        31.35
  126  HLA-A*02:01    FRYLSEVAS 143B_BOVIN_P293      0.002       0.11      65.00      0.047   30131.82      50.00      0.038        52.42
  127  HLA-A*02:01    RYLSEVASG 143B_BOVIN_P293      0.008       0.14      44.00      0.021   39816.77      50.00      0.018        48.67
  128  HLA-A*02:01    YLSEVASGD 143B_BOVIN_P293      0.038       0.21      26.00      0.234    3980.07      10.00      0.195        11.40
  129  HLA-A*02:01    LSEVASGDN 143B_BOVIN_P293      0.000       0.06      75.00      0.007   46306.31      50.00      0.006        53.57
  130  HLA-A*02:01    SEVASGDNK 143B_BOVIN_P293      0.000       0.08      75.00      0.007   46299.29      50.00      0.006        53.57
  131  HLA-A*02:01    EVASGDNKQ 143B_BOVIN_P293      0.000       0.08      75.00      0.009   45334.65      50.00      0.007        53.57
  132  HLA-A*02:01    VASGDNKQT 143B_BOVIN_P293      0.001       0.10      65.00      0.014   42950.97      50.00      0.011        52.42
  133  HLA-A*02:01    ASGDNKQTT 143B_BOVIN_P293      0.006       0.14      45.00      0.012   44108.11      50.00      0.011        48.91
  134  HLA-A*02:01    SGDNKQTTV 143B_BOVIN_P293      0.015       0.17      36.00      0.069   23683.45      32.00      0.058        32.73
  135  HLA-A*02:01    GDNKQTTVS 143B_BOVIN_P293      0.000       0.07      75.00      0.006   46895.74      50.00      0.005        53.57
  136  HLA-A*02:01    DNKQTTVSN 143B_BOVIN_P293      0.000       0.06      75.00      0.005   47487.00      50.00      0.004        53.57
  137  HLA-A*02:01    NKQTTVSNS 143B_BOVIN_P293      0.000       0.08      75.00      0.007   46339.89      50.00      0.006        53.57
  138  HLA-A*02:01    KQTTVSNSQ 143B_BOVIN_P293      0.001       0.10      75.00      0.026   37695.47      50.00      0.021        53.57
  139  HLA-A*02:01    QTTVSNSQQ 143B_BOVIN_P293      0.000       0.08      75.00      0.010   44730.47      50.00      0.008        53.57
  140  HLA-A*02:01    TTVSNSQQA 143B_BOVIN_P293      0.050       0.23      23.00      0.062   25504.07      32.00      0.060        29.68
  141  HLA-A*02:01    TVSNSQQAY 143B_BOVIN_P293      0.028       0.19      29.00      0.028   36837.87      50.00      0.028        43.67
  142  HLA-A*02:01    VSNSQQAYQ 143B_BOVIN_P293      0.001       0.10      75.00      0.016   42168.18      50.00      0.013        53.57
  143  HLA-A*02:01    SNSQQAYQE 143B_BOVIN_P293      0.000       0.07      75.00      0.009   45431.38      50.00      0.007        53.57
  144  HLA-A*02:01    NSQQAYQEA 143B_BOVIN_P293      0.040       0.22      26.00      0.030   36284.46      50.00      0.032        42.21
  145  HLA-A*02:01    SQQAYQEAF 143B_BOVIN_P293      0.062       0.25      21.00      0.129   12323.27      32.00      0.116        28.97
  146  HLA-A*02:01    QQAYQEAFE 143B_BOVIN_P293      0.001       0.09      75.00      0.022   39216.06      50.00      0.018        53.57
  147  HLA-A*02:01    QAYQEAFEI 143B_BOVIN_P293      0.264       0.52       9.00      0.167    8170.52      15.00      0.186        13.24
  148  HLA-A*02:01    AYQEAFEIS 143B_BOVIN_P293      0.004       0.12      55.00      0.027   37447.11      50.00      0.022        50.93
  149  HLA-A*02:01    YQEAFEISK 143B_BOVIN_P293      0.009       0.15      42.00      0.063   25284.81      32.00      0.052        33.60
  150  HLA-A*02:01    QEAFEISKK 143B_BOVIN_P293      0.002       0.11      60.00      0.011   44283.11      50.00      0.009        51.72
  151  HLA-A*02:01    EAFEISKKE 143B_BOVIN_P293      0.000       0.07      75.00      0.011   44485.28      50.00      0.009        53.57
  152  HLA-A*02:01    AFEISKKEM 143B_BOVIN_P293      0.000       0.09      75.00      0.020   40162.48      50.00      0.016        53.57
  153  HLA-A*02:01    FEISKKEMQ 143B_BOVIN_P293      0.001       0.10      65.00      0.011   44299.88      50.00      0.009        52.42
  154  HLA-A*02:01    EISKKEMQP 143B_BOVIN_P293      0.001       0.09      75.00      0.010   44713.54      50.00      0.008        53.57
  155  HLA-A*02:01    ISKKEMQPT 143B_BOVIN_P293      0.008       0.14      44.00      0.028   36904.90      50.00      0.024        48.67
  156  HLA-A*02:01    SKKEMQPTH 143B_BOVIN_P293      0.001       0.10      65.00      0.010   44923.50      50.00      0.008        52.42
  157  HLA-A*02:01    KKEMQPTHP 143B_BOVIN_P293      0.000       0.07      75.00      0.003   48476.99      50.00      0.002        53.57
  158  HLA-A*02:01    KEMQPTHPI 143B_BOVIN_P293      0.699       1.93       2.00      0.180    7165.58      15.00      0.284         6.52
  159  HLA-A*02:01    EMQPTHPIR 143B_BOVIN_P293      0.005       0.13      50.00      0.032   35274.13      50.00      0.027        50.00
  160  HLA-A*02:01    MQPTHPIRL 143B_BOVIN_P293      0.231       0.47      10.00      0.238    3825.95      10.00      0.237        10.00
  161  HLA-A*02:01    QPTHPIRLG 143B_BOVIN_P293      0.000       0.08      75.00      0.011   44572.98      50.00      0.009        53.57
  162  HLA-A*02:01    PTHPIRLGL 143B_BOVIN_P293      0.017       0.17      35.00      0.047   29963.10      50.00      0.041        46.05
  163  HLA-A*02:01    THPIRLGLA 143B_BOVIN_P293      0.001       0.11      65.00      0.026   37867.59      50.00      0.021        52.42
  164  HLA-A*02:01    HPIRLGLAL 143B_BOVIN_P293      0.023       0.18      31.00      0.083   20313.75      32.00      0.071        31.79
  165  HLA-A*02:01    PIRLGLALN 143B_BOVIN_P293      0.000       0.08      75.00      0.019   40764.46      50.00      0.015        53.57
  166  HLA-A*02:01    IRLGLALNF 143B_BOVIN_P293      0.019       0.17      34.00      0.052   28508.29      50.00      0.045        45.70
  167  HLA-A*02:01    RLGLALNFS 143B_BOVIN_P293      0.105       0.31      17.00      0.198    5861.96      15.00      0.179        15.36
  168  HLA-A*02:01    LGLALNFSV 143B_BOVIN_P293      0.201       0.43      11.00      0.287    2237.09       8.00      0.270         8.46
  169  HLA-A*02:01    GLALNFSVF 143B_BOVIN_P293      0.169       0.39      12.00      0.183    6898.33      15.00      0.180        14.29
  170  HLA-A*02:01    LALNFSVFY 143B_BOVIN_P293      0.067       0.26      20.00      0.079   21288.55      32.00      0.077        28.57
  171  HLA-A*02:01    ALNFSVFYY 143B_BOVIN_P293      0.337       0.64       7.00      0.202    5611.91      15.00      0.229        12.21
  172  HLA-A*02:01    LNFSVFYYE 143B_BOVIN_P293      0.001       0.10      65.00      0.042   31677.34      50.00      0.034        52.42
  173  HLA-A*02:01    NFSVFYYEI 143B_BOVIN_P293      0.135       0.35      14.00      0.184    6792.63      15.00      0.174        14.79
  174  HLA-A*02:01    FSVFYYEIL 143B_BOVIN_P293      0.077       0.27      19.00      0.216    4853.40      15.00      0.188        15.66
  175  HLA-A*02:01    SVFYYEILN 143B_BOVIN_P293      0.003       0.12      60.00      0.085   20033.71      32.00      0.069        35.29
  176  HLA-A*02:01    VFYYEILNS 143B_BOVIN_P293      0.016       0.17      36.00      0.051   28699.25      50.00      0.044        46.39
  177  HLA-A*02:01    FYYEILNSP 143B_BOVIN_P293      0.046       0.23      24.00      0.065   24805.18      32.00      0.061        30.00
  178  HLA-A*02:01    YYEILNSPE 143B_BOVIN_P293      0.000       0.08      75.00      0.017   41443.99      50.00      0.014        53.57
  179  HLA-A*02:01    YEILNSPEK 143B_BOVIN_P293      0.040       0.22      25.00      0.028   36990.04      50.00      0.030        41.67
  180  HLA-A*02:01    EILNSPEKA 143B_BOVIN_P293      0.037       0.21      26.00      0.055   27487.83      50.00      0.051        42.21
  181  HLA-A*02:01    ILNSPEKAC 143B_BOVIN_P293      0.115       0.32      16.00      0.077   21768.37      32.00      0.085        26.67
  182  HLA-A*02:01    LNSPEKACS 143B_BOVIN_P293      0.000       0.09      75.00      0.009   45457.93      50.00      0.007        53.57
  183  HLA-A*02:01    NSPEKACSL 143B_BOVIN_P293      0.011       0.15      39.00      0.076   21932.21      32.00      0.063        33.19
  184  HLA-A*02:01    SPEKACSLA 143B_BOVIN_P293      0.002       0.11      60.00      0.022   39610.95      50.00      0.018        51.72
  185  HLA-A*02:01    PEKACSLAK 143B_BOVIN_P293      0.001       0.09      75.00      0.007   46531.82      50.00      0.006        53.57
  186  HLA-A*02:01    EKACSLAKT 143B_BOVIN_P293      0.003       0.12      60.00      0.014   42929.59      50.00      0.012        51.72
  187  HLA-A*02:01    KACSLAKTA 143B_BOVIN_P293      0.041       0.22      25.00      0.046   30546.73      50.00      0.045        41.67
  188  HLA-A*02:01    ACSLAKTAF 143B_BOVIN_P293      0.009       0.15      42.00      0.021   39912.95      50.00      0.019        48.17
  189  HLA-A*02:01    CSLAKTAFD 143B_BOVIN_P293      0.000       0.09      75.00      0.024   38417.28      50.00      0.019        53.57
  190  HLA-A*02:01    SLAKTAFDE 143B_BOVIN_P293      0.002       0.11      60.00      0.068   23976.35      32.00      0.055        35.29
  191  HLA-A*02:01    LAKTAFDEA 143B_BOVIN_P293      0.016       0.17      36.00      0.054   27818.14      50.00      0.046        46.39
  192  HLA-A*02:01    AKTAFDEAI 143B_BOVIN_P293      0.050       0.23      23.00      0.039   32950.87      50.00      0.041        40.49
  193  HLA-A*02:01    KTAFDEAIA 143B_BOVIN_P293      0.043       0.22      25.00      0.114   14531.96      32.00      0.100        30.30
  194  HLA-A*02:01    TAFDEAIAE 143B_BOVIN_P293      0.000       0.08      75.00      0.020   40245.58      50.00      0.016        53.57
  195  HLA-A*02:01    AFDEAIAEL 143B_BOVIN_P293      0.296       0.57       8.00      0.308    1784.95       7.00      0.306         7.18
  196  HLA-A*02:01    FDEAIAELD 143B_BOVIN_P293      0.000       0.06      75.00      0.007   46108.82      50.00      0.006        53.57
  197  HLA-A*02:01    DEAIAELDT 143B_BOVIN_P293      0.000       0.07      75.00      0.007   46128.78      50.00      0.006        53.57
  198  HLA-A*02:01    EAIAELDTL 143B_BOVIN_P293      0.019       0.18      33.00      0.092   18427.10      32.00      0.077        32.20
  199  HLA-A*02:01    AIAELDTLN 143B_BOVIN_P293      0.004       0.13      55.00      0.048   29884.09      50.00      0.039        50.93
  200  HLA-A*02:01    IAELDTLNE 143B_BOVIN_P293      0.000       0.07      75.00      0.012   43724.63      50.00      0.010        53.57
  201  HLA-A*02:01    AELDTLNEE 143B_BOVIN_P293      0.001       0.10      75.00      0.017   41824.19      50.00      0.014        53.57
  202  HLA-A*02:01    ELDTLNEES 143B_BOVIN_P293      0.004       0.13      55.00      0.047   30046.52      50.00      0.038        50.93
  203  HLA-A*02:01    LDTLNEESY 143B_BOVIN_P293      0.000       0.07      75.00      0.012   43739.30      50.00      0.010        53.57
  204  HLA-A*02:01    DTLNEESYK 143B_BOVIN_P293      0.001       0.09      75.00      0.013   43454.40      50.00      0.011        53.57
  205  HLA-A*02:01    TLNEESYKD 143B_BOVIN_P293      0.004       0.13      50.00      0.072   22879.46      32.00      0.058        34.48
  206  HLA-A*02:01    LNEESYKDS 143B_BOVIN_P293      0.000       0.06      75.00      0.006   46735.15      50.00      0.005        53.57
  207  HLA-A*02:01    NEESYKDST 143B_BOVIN_P293      0.000       0.08      75.00      0.005   47157.25      50.00      0.004        53.57
  208  HLA-A*02:01    EESYKDSTL 143B_BOVIN_P293      0.005       0.13      47.00      0.020   40424.05      50.00      0.017        49.37
  209  HLA-A*02:01    ESYKDSTLI 143B_BOVIN_P293      0.027       0.19      29.00      0.056   27385.12      50.00      0.050        43.67
  210  HLA-A*02:01    SYKDSTLIM 143B_BOVIN_P293      0.020       0.18      32.00      0.038   33009.77      50.00      0.034        44.94
  211  HLA-A*02:01    YKDSTLIMQ 143B_BOVIN_P293      0.003       0.12      60.00      0.027   37529.05      50.00      0.022        51.72
  212  HLA-A*02:01    KDSTLIMQL 143B_BOVIN_P293      0.018       0.17      34.00      0.085   19959.93      32.00      0.072        32.38
  213  HLA-A*02:01    DSTLIMQLL 143B_BOVIN_P293      0.009       0.15      42.00      0.053   28201.20      50.00      0.044        48.17
  214  HLA-A*02:01    STLIMQLLR 143B_BOVIN_P293      0.007       0.14      45.00      0.051   28706.08      50.00      0.042        48.91
  215  HLA-A*02:01    TLIMQLLRD 143B_BOVIN_P293      0.014       0.16      37.00      0.070   23335.49      32.00      0.059        32.89
  216  HLA-A*02:01    LIMQLLRDN 143B_BOVIN_P293      0.008       0.14      44.00      0.047   30046.52      50.00      0.039        48.67
  217  HLA-A*02:01    IMQLLRDNL 143B_BOVIN_P293      0.067       0.26      21.00      0.317    1616.83       7.00      0.267         8.08
  218  HLA-A*02:01    MQLLRDNLT 143B_BOVIN_P293      0.041       0.22      25.00      0.139   11146.85      16.00      0.119        17.24
  219  HLA-A*02:01    QLLRDNLTL 143B_BOVIN_P293      0.546       1.14       4.00      0.437     443.83       4.00      0.459         4.00
  220  HLA-A*02:01    LLRDNLTLW 143B_BOVIN_P293      0.310       0.59       7.50      0.140   10993.55      16.00      0.174        13.04
  221  HLA-A*02:01    LRDNLTLWT 143B_BOVIN_P293      0.001       0.11      65.00      0.028   36749.10      50.00      0.023        52.42
  222  HLA-A*02:01    RDNLTLWTS 143B_BOVIN_P293      0.001       0.11      65.00      0.029   36354.03      50.00      0.023        52.42
  223  HLA-A*02:01    DNLTLWTSE 143B_BOVIN_P293      0.000       0.06      75.00      0.009   45508.12      50.00      0.007        53.57
  224  HLA-A*02:01    NLTLWTSEN 143B_BOVIN_P293      0.006       0.14      45.00      0.066   24369.71      32.00      0.054        33.96
  225  HLA-A*02:01    LTLWTSENQ 143B_BOVIN_P293      0.001       0.11      65.00      0.034   34445.90      50.00      0.027        52.42
  226  HLA-A*02:01    TLWTSENQG 143B_BOVIN_P293      0.008       0.14      44.00      0.105   16081.45      32.00      0.086        33.85
  227  HLA-A*02:01    LWTSENQGD 143B_BOVIN_P293      0.000       0.08      75.00      0.006   46989.19      50.00      0.005        53.57
  228  HLA-A*02:01    WTSENQGDE 143B_BOVIN_P293      0.000       0.07      75.00      0.012   44004.66      50.00      0.010        53.57
  229  HLA-A*02:01    TSENQGDEG 143B_BOVIN_P293      0.000       0.06      75.00      0.004   47655.83      50.00      0.003        53.57
  230  HLA-A*02:01    SENQGDEGD 143B_BOVIN_P293      0.000       0.08      75.00      0.005   47507.56      50.00      0.004        53.57
  231  HLA-A*02:01    ENQGDEGDA 143B_BOVIN_P293      0.000       0.07      75.00      0.006   46999.86      50.00      0.005        53.57
  232  HLA-A*02:01    NQGDEGDAG 143B_BOVIN_P293      0.000       0.08      75.00      0.008   45739.15      50.00      0.006        53.57
  233  HLA-A*02:01    QGDEGDAGE 143B_BOVIN_P293      0.000       0.07      75.00      0.009   45558.39      50.00      0.007        53.57
  234  HLA-A*02:01    GDEGDAGEG 143B_BOVIN_P293      0.000       0.05      75.00      0.003   48563.07      50.00      0.002        53.57
  235  HLA-A*02:01    DEGDAGEGE 143B_BOVIN_P293      0.000       0.05      75.00      0.003   48456.02      50.00      0.002        53.57
  236  HLA-A*02:01    EGDAGEGEN 143B_BOVIN_P293      0.000       0.06      75.00      0.004   48120.07      50.00      0.003        53.57
-----------------------------------------------------------------------------------------------------

Protein 143B_BOVIN_P293. Allele HLA-A*02:01. Number of high binders 0. Number of weak binders 0. Number of peptides 237

-----------------------------------------------------------------------------------------------------
